Microchip MPLAB XC8 Compiler V2.32

Linker command line:

-W-3 --edf=C:\Program Files\Microchip\xc8\v2.32\pic\dat\en_msgs.txt -cn \
  -h+dist/default/production\SensorPresion.X.production.sym \
  --cmf=dist/default/production\SensorPresion.X.production.cmf -z -Q16F886 \
  -oC:\Users\staro\AppData\Local\Temp\xcAsa98.4 --defsym=__MPLAB_BUILD=1 \
  -Mdist/default/production/SensorPresion.X.production.map -E1 \
  -ver=XC8 Compiler --acfsm=1493 -ASTACK=0110h-016Fh -pstack=STACK \
  -ACODE=00h-07FFhx4 -ASTRCODE=00h-01FFFh -ASTRING=00h-0FFhx32 \
  -ACONST=00h-0FFhx32 -AENTRY=00h-0FFhx32 -ACOMMON=070h-07Fh \
  -ABANK0=020h-06Fh -ABANK1=0A0h-0EFh -ABANK2=0110h-016Fh \
  -ABANK3=0190h-01EFh -ARAM=020h-06Fh,0A0h-0EFh,0110h-016Fh,0190h-01EFh \
  -AABS1=020h-07Fh,0A0h-0EFh,0110h-016Fh,0190h-01EFh -ASFR0=00h-01Fh \
  -ASFR1=080h-09Fh -ASFR2=0100h-010Fh -ASFR3=0180h-018Fh \
  -ACONFIG=02007h-02008h -DCONFIG=2 -AIDLOC=02000h-02003h -DIDLOC=2 \
  -AEEDATA=00h-0FFh/02100h -peeprom_data=EEDATA -DEEDATA=2 -DCODE=2 \
  -DSTRCODE=2 -DSTRING=2 -DCONST=2 -DENTRY=2 \
  -preset_vec=00h,intentry,init,end_init -ppowerup=CODE -pcinit=CODE \
  -pfunctab=ENTRY -k C:\Users\staro\AppData\Local\Temp\xcAsa98.o \
  dist/default/production\SensorPresion.X.production.o 

Object code version is 3.11

Machine type is 16F886



                Name                               Link     Load   Length Selector   Space Scale
C:\Users\staro\AppData\Local\Temp\xcAsa98.o
                end_init                              0        0        3        0       0
                config                             2007     2007        2        0       4
dist/default/production\SensorPresion.X.production.o
                cinit                               7E8      7E8       18      FD0       0
                config                             2007     2007        2        0       4
                text4                               782      782       66      F04       0
                text3                               6F4      6F4       41      DE8       0
                text2                               6BC      6BC        C      D78       0
                text1                               6DB      6DB       19      DB6       0
                maintext                            735      735       4D      E6A       0
                cstackBANK0                          20       20        E       20       1
                cstackCOMMON                         70       70        E       70       1
                inittext                            6C8      6C8       13      D90       0
                dataBANK0                            2E       2E        7       20       1
                bssBANK0                             35       35        6       20       1
                strings                               3        3        A        6       0
                idataBANK0                          6B5      6B5        7      D6A       0

TOTAL           Name                               Link     Load   Length     Space
        CLASS   STACK          

        CLASS   CODE           
                end_init                              0        0        3         0
                cinit                               7E8      7E8       18         0
                text4                               782      782       66         0
                text3                               6F4      6F4       41         0
                text2                               6BC      6BC        C         0
                text1                               6DB      6DB       19         0
                maintext                            735      735       4D         0
                inittext                            6C8      6C8       13         0
                idataBANK0                          6B5      6B5        7         0

        CLASS   STRCODE        

        CLASS   STRING         
                strings                               3        3        A         0

        CLASS   CONST          

        CLASS   ENTRY          

        CLASS   COMMON         
                cstackCOMMON                         70       70        E         1

        CLASS   BANK0          
                cstackBANK0                          20       20        E         1
                dataBANK0                            2E       2E        7         1
                bssBANK0                             35       35        6         1

        CLASS   BANK1          

        CLASS   BANK2          

        CLASS   BANK3          

        CLASS   RAM            

        CLASS   ABS1           
                abs_s1                               7E       7E        2         1

        CLASS   SFR0           

        CLASS   SFR1           

        CLASS   SFR2           

        CLASS   SFR3           

        CLASS   CONFIG         
                config                             2007     2007        2         4

        CLASS   IDLOC          

        CLASS   EEDATA         



SEGMENTS        Name                           Load    Length   Top    Selector   Space  Class     Delta

                reset_vec                      000000  000003  000003         0       0  CODE        2
                strings                        000003  00000A  00000D         6       0  STRING      2
                cstackBANK0                    000020  00001B  00003B        20       1  BANK0       1
                cstackCOMMON                   000070  00000E  00007E        70       1  COMMON      1
                idataBANK0                     0006B5  000007  0006BC       D6A       0  CODE        2
                text2                          0006BC  00000C  0006C8       D78       0  CODE        2
                inittext                       0006C8  000013  0006DB       D90       0  CODE        2
                text1                          0006DB  000019  0006F4       DB6       0  CODE        2
                text3                          0006F4  000041  000735       DE8       0  CODE        2
                maintext                       000735  00004D  000782       E6A       0  CODE        2
                text4                          000782  000066  0007E8       F04       0  CODE        2
                cinit                          0007E8  000018  000800       FD0       0  CODE        2


UNUSED ADDRESS RANGES

        Name                Unused          Largest block    Delta
        BANK0            003B-006F             35           1
        BANK1            00A0-00EF             50           1
        BANK2            0110-016F             60           1
        BANK3            0190-01EF             60           1
        CODE             000D-06B4            6A8           2
                         0800-1FFF            800
        CONST            000D-06B4            100           2
                         0800-1FFF            100
        EEDATA           2100-21FF            100           2
        ENTRY            000D-06B4            100           2
                         0800-1FFF            100
        IDLOC            2000-2003              4           2
        RAM              003B-006F             35           1
                         00A0-00EF             50
                         0110-016F             60
                         0190-01EF             60
        SFR0             0000-001F             20           1
        SFR1             0080-009F             20           1
        SFR2             0100-010F             10           1
        SFR3             0180-018F             10           1
        STACK            0110-016F             60           1
        STRCODE          000D-06B4            6A8           2
                         0800-1FFF           1800
        STRING           000D-06B4            100           2
                         0800-1FFF            100

                                  Symbol Table

?___lldiv                cstackCOMMON 0070
?_strlen                 cstackCOMMON 0070
UART_TX_Init@baud        cstackBANK0  0020
UART_TX_Init@temp        cstackBANK0  0029
UART_Write@data          cstackCOMMON 0070
_ADCON0                  (abs)        001F
_ADCON0bits              (abs)        001F
_ADCON1                  (abs)        009F
_ADIE                    (abs)        0466
_ADIF                    (abs)        0066
_ADRESH                  (abs)        001E
_ADRESL                  (abs)        009E
_BRGH                    (abs)        04C2
_GIE                     (abs)        005F
_GO_DONE                 (abs)        00F9
_OSCCON                  (abs)        008F
_PEIE                    (abs)        005E
_RC2                     (abs)        003A
_SPBRG                   (abs)        0099
_SPEN                    (abs)        00C7
_SYNC                    (abs)        04C4
_T1CKPS0                 (abs)        0084
_T1CKPS1                 (abs)        0085
_TMR1                    (abs)        000E
_TMR1CS                  (abs)        0081
_TMR1IE                  (abs)        0460
_TMR1IF                  (abs)        0060
_TMR1ON                  (abs)        0080
_TRISC6                  (abs)        043E
_TRMT                    (abs)        04C1
_TXEN                    (abs)        04C5
_TXREG                   (abs)        0019
_UART_TX_Init            text3        06F4
_UART_Write              text2        06BC
__Habs1                  abs1         0000
__Hbank0                 bank0        0000
__Hbank1                 bank1        0000
__Hbank2                 bank2        0000
__Hbank3                 bank3        0000
__HbssBANK0              bssBANK0     0000
__Hcinit                 cinit        0800
__Hclrtext               clrtext      0000
__Hcode                  code         0000
__Hcommon                common       0000
__Hconfig                config       2009
__HcstackBANK0           cstackBANK0  0000
__HcstackCOMMON          cstackCOMMON 0000
__HdataBANK0             dataBANK0    0000
__Heeprom_data           eeprom_data  0000
__Hend_init              end_init     0003
__Hfunctab               functab      0000
__HidataBANK0            idataBANK0   0000
__Hinit                  init         0000
__Hinittext              inittext     0000
__Hintentry              intentry     0000
__Hmaintext              maintext     0000
__Hpowerup               powerup      0000
__Hram                   ram          0000
__Hreset_vec             reset_vec    0000
__Hsfr0                  sfr0         0000
__Hsfr1                  sfr1         0000
__Hsfr2                  sfr2         0000
__Hsfr3                  sfr3         0000
__Hspace_0               (abs)        0800
__Hspace_1               (abs)        007E
__Hspace_2               (abs)        0000
__Hspace_3               (abs)        0000
__Hspace_4               (abs)        4010
__Hstack                 stack        0000
__Hstrings               strings      0000
__Htext                  text         0000
__Labs1                  abs1         0000
__Lbank0                 bank0        0000
__Lbank1                 bank1        0000
__Lbank2                 bank2        0000
__Lbank3                 bank3        0000
__LbssBANK0              bssBANK0     0000
__Lcinit                 cinit        07E8
__Lclrtext               clrtext      0000
__Lcode                  code         0000
__Lcommon                common       0000
__Lconfig                config       0000
__LcstackBANK0           cstackBANK0  0000
__LcstackCOMMON          cstackCOMMON 0000
__LdataBANK0             dataBANK0    0000
__Leeprom_data           eeprom_data  0000
__Lend_init              end_init     0000
__Lfunctab               functab      0000
__LidataBANK0            idataBANK0   0000
__Linit                  init         0000
__Linittext              inittext     0000
__Lintentry              intentry     0000
__Lmaintext              maintext     0000
__Lpowerup               powerup      0000
__Lram                   ram          0000
__Lreset_vec             reset_vec    0000
__Lsfr0                  sfr0         0000
__Lsfr1                  sfr1         0000
__Lsfr2                  sfr2         0000
__Lsfr3                  sfr3         0000
__Lspace_0               (abs)        0000
__Lspace_1               (abs)        0000
__Lspace_2               (abs)        0000
__Lspace_3               (abs)        0000
__Lspace_4               (abs)        0000
__Lstack                 stack        0000
__Lstrings               strings      0000
__Ltext                  text         0000
__S0                     (abs)        0800
__S1                     (abs)        007E
__S2                     (abs)        0000
__S3                     (abs)        0000
___int_sp                stack        0000
___latbits               (abs)        0002
___lldiv                 text4        0782
___lldiv@counter         cstackCOMMON 007D
___lldiv@dividend        cstackCOMMON 0074
___lldiv@divisor         cstackCOMMON 0070
___lldiv@quotient        cstackCOMMON 0079
___sp                    stack        0000
___stackhi               (abs)        0000
___stacklo               (abs)        0000
__end_of_UART_TX_Init    text3        0735
__end_of_UART_Write      text2        06C8
__end_of___lldiv         text4        07E8
__end_of__initialization cinit        07FC
__end_of__stringtab      strings      0009
__end_of_main            maintext     0782
__end_of_strlen          text1        06F4
__initialization         cinit        07E8
__pbssBANK0              bssBANK0     0035
__pcstackBANK0           cstackBANK0  0020
__pcstackCOMMON          cstackCOMMON 0070
__pdataBANK0             dataBANK0    002E
__pidataBANK0            idataBANK0   06B5
__pmaintext              maintext     0735
__pstrings               strings      0003
__ptext1                 text1        06DB
__ptext2                 text2        06BC
__ptext3                 text3        06F4
__ptext4                 text4        0782
__size_of_UART_TX_Init   (abs)        0000
__size_of_UART_Write     (abs)        0000
__size_of___lldiv        (abs)        0000
__size_of_main           (abs)        0000
__size_of_strlen         (abs)        0000
__stringbase             strings      0008
__stringtab              strings      0003
_main                    maintext     0735
_mensaje                 dataBANK0    002E
_strlen                  text1        06DB
_timer_overflow_counter  bssBANK0     0035
_timer_overflows         bssBANK0     0037
btemp                    (abs)        007E
end_of_initialization    cinit        07FC
init_fetch0              inittext     06C8
init_ram0                inittext     06CC
intlevel0                functab      0000
intlevel1                functab      0000
intlevel2                functab      0000
intlevel3                functab      0000
intlevel4                functab      0000
intlevel5                functab      0000
main@a                   cstackBANK0  002D
reset_vec                reset_vec    0000
start                    init         0000
start_initialization     cinit        07E8
strlen@cp                cstackCOMMON 0073
strlen@s                 cstackCOMMON 0074
wtemp0                   (abs)        007E


MODULE INFORMATION

Module		Function		Class		Link	Load	Size
1_UART_Test.c
		_main          		CODE           	0735	0000	77

1_UART_Test.c estimated size: 77

UART.c
		_UART_Write    		CODE           	06BC	0000	12
		_UART_TX_Init  		CODE           	06F4	0000	65

UART.c estimated size: 77

C:\Program Files\Microchip\xc8\v2.32\pic\sources\c90\common\strlen.c
		_strlen        		CODE           	06DB	0000	25

C:\Program Files\Microchip\xc8\v2.32\pic\sources\c90\common\strlen.c estimated size: 25

shared
		__stringtab    		STRING         	0003	0000	6
		__initialization		CODE           	07E8	0000	20

shared estimated size: 26

C:\Program Files\Microchip\xc8\v2.32\pic\sources\c90\common\__lldiv.c
		___lldiv       		CODE           	0782	0000	102

C:\Program Files\Microchip\xc8\v2.32\pic\sources\c90\common\__lldiv.c estimated size: 102

