Microchip MPLAB XC8 Compiler V2.32

Linker command line:

-W-3 --edf=C:\Program Files\Microchip\xc8\v2.32\pic\dat\en_msgs.txt -cn \
  -h+dist/default/production\SensorPresion.X.production.sym \
  --cmf=dist/default/production\SensorPresion.X.production.cmf -z -Q16F886 \
  -oC:\Users\staro\AppData\Local\Temp\xcAshs4.4 --defsym=__MPLAB_BUILD=1 \
  -Mdist/default/production/SensorPresion.X.production.map -E1 \
  -ver=XC8 Compiler --acfsm=1493 -ASTACK=0110h-016Fh -pstack=STACK \
  -ACODE=00h-07FFhx4 -ASTRCODE=00h-01FFFh -ASTRING=00h-0FFhx32 \
  -ACONST=00h-0FFhx32 -AENTRY=00h-0FFhx32 -ACOMMON=070h-07Fh \
  -ABANK0=020h-06Fh -ABANK1=0A0h-0EFh -ABANK2=0110h-016Fh \
  -ABANK3=0190h-01EFh -ARAM=020h-06Fh,0A0h-0EFh,0110h-016Fh,0190h-01EFh \
  -AABS1=020h-07Fh,0A0h-0EFh,0110h-016Fh,0190h-01EFh -ASFR0=00h-01Fh \
  -ASFR1=080h-09Fh -ASFR2=0100h-010Fh -ASFR3=0180h-018Fh \
  -ACONFIG=02007h-02008h -DCONFIG=2 -AIDLOC=02000h-02003h -DIDLOC=2 \
  -AEEDATA=00h-0FFh/02100h -peeprom_data=EEDATA -DEEDATA=2 -DCODE=2 \
  -DSTRCODE=2 -DSTRING=2 -DCONST=2 -DENTRY=2 \
  -preset_vec=00h,intentry,init,end_init -ppowerup=CODE -pcinit=CODE \
  -pfunctab=ENTRY -k C:\Users\staro\AppData\Local\Temp\xcAshs4.o \
  dist/default/production\SensorPresion.X.production.o 

Object code version is 3.11

Machine type is 16F886



                Name                               Link     Load   Length Selector   Space Scale
C:\Users\staro\AppData\Local\Temp\xcAshs4.o
                end_init                              0        0        3        0       0
                config                             2007     2007        2        0       4
dist/default/production\SensorPresion.X.production.o
                cinit                               7F6      7F6        A      FEC       0
                config                             2007     2007        2        0       4
                text1                               7BC      7BC       19      F78       0
                maintext                            7D5      7D5       21      FAA       0
                cstackCOMMON                         76       76        5       70       1
                bssCOMMON                            70       70        6       70       1
                strings                               3        3        A        6       0

TOTAL           Name                               Link     Load   Length     Space
        CLASS   STACK          

        CLASS   CODE           
                end_init                              0        0        3         0
                cinit                               7F6      7F6        A         0
                text1                               7BC      7BC       19         0
                maintext                            7D5      7D5       21         0

        CLASS   STRCODE        

        CLASS   STRING         
                strings                               3        3        A         0

        CLASS   CONST          

        CLASS   ENTRY          

        CLASS   COMMON         
                cstackCOMMON                         76       76        5         1
                bssCOMMON                            70       70        6         1

        CLASS   BANK0          

        CLASS   BANK1          

        CLASS   BANK2          

        CLASS   BANK3          

        CLASS   RAM            

        CLASS   ABS1           
                abs_s1                               7E       7E        2         1

        CLASS   SFR0           

        CLASS   SFR1           

        CLASS   SFR2           

        CLASS   SFR3           

        CLASS   CONFIG         
                config                             2007     2007        2         4

        CLASS   IDLOC          

        CLASS   EEDATA         



SEGMENTS        Name                           Load    Length   Top    Selector   Space  Class     Delta

                reset_vec                      000000  000003  000003         0       0  CODE        2
                strings                        000003  00000A  00000D         6       0  STRING      2
                bssCOMMON                      000070  00000B  00007B        70       1  COMMON      1
                text1                          0007BC  000019  0007D5       F78       0  CODE        2
                maintext                       0007D5  000021  0007F6       FAA       0  CODE        2
                cinit                          0007F6  00000A  000800       FEC       0  CODE        2


UNUSED ADDRESS RANGES

        Name                Unused          Largest block    Delta
        BANK0            0020-006F             50           1
        BANK1            00A0-00EF             50           1
        BANK2            0110-016F             60           1
        BANK3            0190-01EF             60           1
        CODE             000D-07BB            7AF           2
                         0800-1FFF            800
        COMMON           007B-007D              3           1
        CONST            000D-07BB            100           2
                         0800-1FFF            100
        EEDATA           2100-21FF            100           2
        ENTRY            000D-07BB            100           2
                         0800-1FFF            100
        IDLOC            2000-2003              4           2
        RAM              0020-006F             50           1
                         00A0-00EF             50
                         0110-016F             60
                         0190-01EF             60
        SFR0             0000-001F             20           1
        SFR1             0080-009F             20           1
        SFR2             0100-010F             10           1
        SFR3             0180-018F             10           1
        STACK            0110-016F             60           1
        STRCODE          000D-07BB            7AF           2
                         0800-1FFF           1800
        STRING           000D-07BB            100           2
                         0800-1FFF            100

                                  Symbol Table

Timer_set_ms_interrupt@time      cstackCOMMON 0076
_ADCON0                          (abs)        001F
_ADCON0bits                      (abs)        001F
_ADCON1                          (abs)        009F
_ADIE                            (abs)        0466
_ADIF                            (abs)        0066
_ADRESH                          (abs)        001E
_ADRESL                          (abs)        009E
_BRGH                            (abs)        04C2
_GIE                             (abs)        005F
_GO_DONE                         (abs)        00F9
_PEIE                            (abs)        005E
_RC2                             (abs)        003A
_RC3                             (abs)        003B
_SCS                             (abs)        0478
_SPBRG                           (abs)        0099
_SPEN                            (abs)        00C7
_SYNC                            (abs)        04C4
_T1CKPS0                         (abs)        0084
_T1CKPS1                         (abs)        0085
_TMR1                            (abs)        000E
_TMR1CS                          (abs)        0081
_TMR1IE                          (abs)        0460
_TMR1IF                          (abs)        0060
_TMR1ON                          (abs)        0080
_TRISC3                          (abs)        043B
_TRISC6                          (abs)        043E
_TRMT                            (abs)        04C1
_TXEN                            (abs)        04C5
_TXREG                           (abs)        0019
_Timer_set_ms_interrupt          text1        07BC
__Habs1                          abs1         0000
__Hbank0                         bank0        0000
__Hbank1                         bank1        0000
__Hbank2                         bank2        0000
__Hbank3                         bank3        0000
__HbssCOMMON                     bssCOMMON    0000
__Hcinit                         cinit        0800
__Hclrtext                       clrtext      0000
__Hcode                          code         0000
__Hcommon                        common       0000
__Hconfig                        config       2009
__HcstackCOMMON                  cstackCOMMON 0000
__Heeprom_data                   eeprom_data  0000
__Hend_init                      end_init     0003
__Hfunctab                       functab      0000
__Hinit                          init         0000
__Hintentry                      intentry     0000
__Hmaintext                      maintext     0000
__Hpowerup                       powerup      0000
__Hram                           ram          0000
__Hreset_vec                     reset_vec    0000
__Hsfr0                          sfr0         0000
__Hsfr1                          sfr1         0000
__Hsfr2                          sfr2         0000
__Hsfr3                          sfr3         0000
__Hspace_0                       (abs)        0800
__Hspace_1                       (abs)        007B
__Hspace_2                       (abs)        0000
__Hspace_3                       (abs)        0000
__Hspace_4                       (abs)        4010
__Hstack                         stack        0000
__Hstrings                       strings      0000
__Htext                          text         0000
__Labs1                          abs1         0000
__Lbank0                         bank0        0000
__Lbank1                         bank1        0000
__Lbank2                         bank2        0000
__Lbank3                         bank3        0000
__LbssCOMMON                     bssCOMMON    0000
__Lcinit                         cinit        07F6
__Lclrtext                       clrtext      0000
__Lcode                          code         0000
__Lcommon                        common       0000
__Lconfig                        config       0000
__LcstackCOMMON                  cstackCOMMON 0000
__Leeprom_data                   eeprom_data  0000
__Lend_init                      end_init     0000
__Lfunctab                       functab      0000
__Linit                          init         0000
__Lintentry                      intentry     0000
__Lmaintext                      maintext     0000
__Lpowerup                       powerup      0000
__Lram                           ram          0000
__Lreset_vec                     reset_vec    0000
__Lsfr0                          sfr0         0000
__Lsfr1                          sfr1         0000
__Lsfr2                          sfr2         0000
__Lsfr3                          sfr3         0000
__Lspace_0                       (abs)        0000
__Lspace_1                       (abs)        0000
__Lspace_2                       (abs)        0000
__Lspace_3                       (abs)        0000
__Lspace_4                       (abs)        0000
__Lstack                         stack        0000
__Lstrings                       strings      0000
__Ltext                          text         0000
__S0                             (abs)        0800
__S1                             (abs)        007B
__S2                             (abs)        0000
__S3                             (abs)        0000
___int_sp                        stack        0000
___latbits                       (abs)        0002
___sp                            stack        0000
___stackhi                       (abs)        0000
___stacklo                       (abs)        0000
__end_of_Timer_set_ms_interrupt  text1        07D5
__end_of__initialization         cinit        07FC
__end_of__stringtab              strings      0009
__end_of_main                    maintext     07F6
__initialization                 cinit        07F6
__pbssCOMMON                     bssCOMMON    0070
__pcstackCOMMON                  cstackCOMMON 0076
__pmaintext                      maintext     07D5
__pstrings                       strings      0003
__ptext1                         text1        07BC
__size_of_Timer_set_ms_interrupt (abs)        0000
__size_of_main                   (abs)        0000
__stringbase                     strings      0008
__stringtab                      strings      0003
_main                            maintext     07D5
_timer_overflow_counter          bssCOMMON    0070
_timer_overflows                 bssCOMMON    0072
btemp                            (abs)        007E
end_of_initialization            cinit        07FC
intlevel0                        functab      0000
intlevel1                        functab      0000
intlevel2                        functab      0000
intlevel3                        functab      0000
intlevel4                        functab      0000
intlevel5                        functab      0000
reset_vec                        reset_vec    0000
start                            init         0000
start_initialization             cinit        07F6
wtemp0                           (abs)        007E


MODULE INFORMATION

Module		Function		Class		Link	Load	Size
Timer.c
		_Timer_set_ms_interrupt		CODE           	07BC	0000	25

Timer.c estimated size: 25

shared
		__stringtab    		STRING         	0003	0000	6
		__initialization		CODE           	07F6	0000	6

shared estimated size: 12

4_Timer_Interrupt.c
		_main          		CODE           	07D5	0000	33

4_Timer_Interrupt.c estimated size: 33

