Microchip MPLAB XC8 Compiler V2.32

Linker command line:

-W-3 --edf=C:\Program Files\Microchip\xc8\v2.32\pic\dat\en_msgs.txt -cn \
  -h+dist/default/debug\SensorPresion.X.debug.sym \
  --cmf=dist/default/debug\SensorPresion.X.debug.cmf -z -Q16F886 \
  -oC:\Users\staro\AppData\Local\Temp\xcAsmqg.4 --defsym=__MPLAB_BUILD=1 \
  -Mdist/default/debug/SensorPresion.X.debug.map -E1 -ver=XC8 Compiler \
  --acfsm=1493 -ASTACK=0110h-016Fh -pstack=STACK \
  -ACODE=00h-07FFhx3,01800h-01EFFh,01FFFh-01FFFh \
  -ASTRCODE=00h-01EFFh,01FFFh-01FFFh -ASTRING=00h-0FFhx31,01FFFh-01FFFh \
  -ACONST=00h-0FFhx31,01FFFh-01FFFh -AENTRY=00h-0FFhx31,01FFFh-01FFFh \
  -ACOMMON=071h-07Fh -ABANK0=020h-06Fh -ABANK1=0A0h-0EFh \
  -ABANK2=0110h-016Fh -ABANK3=0190h-01E4h \
  -ARAM=020h-06Fh,0A0h-0EFh,0110h-016Fh,0190h-01E4h \
  -AABS1=020h-07Fh,0A0h-0EFh,0110h-016Fh,0190h-01EFh -ASFR0=00h-01Fh \
  -ASFR1=080h-09Fh -ASFR2=0100h-010Fh -ASFR3=0180h-018Fh \
  -ACONFIG=02007h-02008h -DCONFIG=2 -AIDLOC=02000h-02003h -DIDLOC=2 \
  -AEEDATA=00h-0FFh/02100h -peeprom_data=EEDATA -DEEDATA=2 -DCODE=2 \
  -DSTRCODE=2 -DSTRING=2 -DCONST=2 -DENTRY=2 \
  -preset_vec=00h,intentry,init,end_init -ppowerup=CODE -pcinit=CODE \
  -pfunctab=ENTRY -k C:\Users\staro\AppData\Local\Temp\xcAsmqg.o \
  dist/default/debug\SensorPresion.X.debug.o 

Object code version is 3.11

Machine type is 16F886



                Name                               Link     Load   Length Selector   Space Scale
C:\Users\staro\AppData\Local\Temp\xcAsmqg.o
                end_init                              1        1        3        0       0
                reset_vec                             0        0        1        0       0
                config                             2007     2007        2        0       4
dist/default/debug\SensorPresion.X.debug.o
                cinit                               7D9      7D9       27      FB2       0
                config                             2007     2007        2        0       4
                text12                              4D6      4D6       21      9AC       0
                text11                              544      544       31      A88       0
                text10                              46F      46F        C      8DE       0
                text9                               4BB      4BB       1B      976       0
                text8                               5EE      5EE       44      BDC       0
                text7                               575      575       3C      AEA       0
                text6                               6F1      6F1       E8      DE2       0
                text5                               4A2      4A2       19      944       0
                text4                               4F7      4F7       23      9EE       0
                text3                               51A      51A       2A      A34       0
                text2                               689      689       68      D12       0
                text1                               5B1      5B1       3D      B62       0
                maintext                            632      632       57      C64       0
                cstackBANK0                          20       20       23       20       1
                cstackCOMMON                         71       71        D       71       1
                clrtext                             45F      45F        8      8BE       0
                inittext                            47B      47B       13      8F6       0
                dataBANK1                            A0       A0       14       A0       1
                dataBANK0                            55       55        8       20       1
                bssBANK0                             43       43       12       20       1
                strings                               4        4       14        8       0
                idataBANK1                          48E      48E       14      91C       0
                idataBANK0                          467      467        8      8CE       0

TOTAL           Name                               Link     Load   Length     Space
        CLASS   STACK          

        CLASS   CODE           
                end_init                              1        1        3         0
                cinit                               7D9      7D9       27         0
                reset_vec                             0        0        1         0
                text12                              4D6      4D6       21         0
                text11                              544      544       31         0
                text10                              46F      46F        C         0
                text9                               4BB      4BB       1B         0
                text8                               5EE      5EE       44         0
                text7                               575      575       3C         0
                text6                               6F1      6F1       E8         0
                text5                               4A2      4A2       19         0
                text4                               4F7      4F7       23         0
                text3                               51A      51A       2A         0
                text2                               689      689       68         0
                text1                               5B1      5B1       3D         0
                maintext                            632      632       57         0
                clrtext                             45F      45F        8         0
                inittext                            47B      47B       13         0
                idataBANK1                          48E      48E       14         0
                idataBANK0                          467      467        8         0

        CLASS   STRCODE        

        CLASS   STRING         
                strings                               4        4       14         0

        CLASS   CONST          

        CLASS   ENTRY          

        CLASS   COMMON         
                cstackCOMMON                         71       71        D         1

        CLASS   BANK0          
                cstackBANK0                          20       20       23         1
                dataBANK0                            55       55        8         1
                bssBANK0                             43       43       12         1

        CLASS   BANK1          
                dataBANK1                            A0       A0       14         1

        CLASS   BANK2          

        CLASS   BANK3          

        CLASS   RAM            

        CLASS   ABS1           
                abs_s1                               7E       7E        2         1

        CLASS   SFR0           

        CLASS   SFR1           

        CLASS   SFR2           

        CLASS   SFR3           

        CLASS   CONFIG         
                config                             2007     2007        2         4

        CLASS   IDLOC          

        CLASS   EEDATA         



SEGMENTS        Name                           Load    Length   Top    Selector   Space  Class     Delta

                reset_vec                      000000  000004  000004         0       0  CODE        2
                strings                        000004  000014  000018         8       0  STRING      2
                cstackBANK0                    000020  00003D  00005D        20       1  BANK0       1
                cstackCOMMON                   000071  00000D  00007E        71       1  COMMON      1
                dataBANK1                      0000A0  000014  0000B4        A0       1  BANK1       1
                clrtext                        00045F  000008  000467       8BE       0  CODE        2
                idataBANK0                     000467  000008  00046F       8CE       0  CODE        2
                text10                         00046F  00000C  00047B       8DE       0  CODE        2
                inittext                       00047B  000013  00048E       8F6       0  CODE        2
                idataBANK1                     00048E  000014  0004A2       91C       0  CODE        2
                text5                          0004A2  000019  0004BB       944       0  CODE        2
                text9                          0004BB  00001B  0004D6       976       0  CODE        2
                text12                         0004D6  000021  0004F7       9AC       0  CODE        2
                text4                          0004F7  000023  00051A       9EE       0  CODE        2
                text3                          00051A  00002A  000544       A34       0  CODE        2
                text11                         000544  000031  000575       A88       0  CODE        2
                text7                          000575  00003C  0005B1       AEA       0  CODE        2
                text1                          0005B1  00003D  0005EE       B62       0  CODE        2
                text8                          0005EE  000044  000632       BDC       0  CODE        2
                maintext                       000632  000057  000689       C64       0  CODE        2
                text2                          000689  000068  0006F1       D12       0  CODE        2
                text6                          0006F1  0000E8  0007D9       DE2       0  CODE        2
                cinit                          0007D9  000027  000800       FB2       0  CODE        2


UNUSED ADDRESS RANGES

        Name                Unused          Largest block    Delta
        BANK0            005D-006F             13           1
        BANK1            00B4-00EF             3C           1
        BANK2            0110-016F             60           1
        BANK3            0190-01E4             55           1
        CODE             0018-045E            447           2
                         0800-1EFF            800
                         1FFF-1FFF              1
        CONST            0018-045E            100           2
                         0800-1EFF            100
                         1FFF-1FFF              1
        EEDATA           2100-21FF            100           2
        ENTRY            0018-045E            100           2
                         0800-1EFF            100
                         1FFF-1FFF              1
        IDLOC            2000-2003              4           2
        RAM              005D-006F             13           1
                         00B4-00EF             3C
                         0110-016F             60
                         0190-01E4             55
        SFR0             0000-001F             20           1
        SFR1             0080-009F             20           1
        SFR2             0100-010F             10           1
        SFR3             0180-018F             10           1
        STACK            0110-016F             60           1
        STRCODE          0018-045E            447           2
                         0800-1EFF           1700
                         1FFF-1FFF              1
        STRING           0018-045E            100           2
                         0800-1EFF            100
                         1FFF-1FFF              1

                                  Symbol Table

?___lldiv                      cstackCOMMON 0071
?___lwdiv                      cstackCOMMON 0071
?___lwmod                      cstackCOMMON 0079
?_sprintf                      cstackBANK0  0021
?_strlen                       cstackCOMMON 0071
ADC_burst@channels             cstackCOMMON 0078
ADC_burst@n                    cstackCOMMON 0079
ADC_burst@numberc              cstackCOMMON 0075
ADC_burst@reading              cstackCOMMON 0074
ADC_init_channel@channel       cstackCOMMON 0073
ADC_print_burst@BurstReadings  cstackBANK0  003E
ADC_print_burst@NumberReadings cstackBANK0  003B
ADC_print_burst@n              cstackBANK0  003F
UART_Buffer@buffer             cstackCOMMON 0079
UART_Buffer@count              cstackCOMMON 0078
UART_Buffer@size               cstackCOMMON 0076
UART_TX_Init@baud              cstackBANK0  0025
UART_TX_Init@temp              cstackCOMMON 007A
UART_Write@data                cstackCOMMON 0071
UART_number@buffer             cstackBANK0  0031
UART_number@number             cstackBANK0  002E
_ADCON0                        (abs)        001F
_ADCON0bits                    (abs)        001F
_ADCON1                        (abs)        009F
_ADC_burst                     text11       0544
_ADC_init_channel              text12       04D6
_ADC_print_burst               text3        051A
_ADIE                          (abs)        0466
_ADIF                          (abs)        0066
_ADRESH                        (abs)        001E
_ADRESL                        (abs)        009E
_ANChannels                    dataBANK0    0055
_ANRead                        bssBANK0     0045
_BRGH                          (abs)        04C2
_GIE                           (abs)        005F
_GO_DONE                       (abs)        00F9
_PEIE                          (abs)        005E
_RC1                           (abs)        0039
_SPBRG                         (abs)        0099
_SPEN                          (abs)        00C7
_SYNC                          (abs)        04C4
_TRISC1                        (abs)        0439
_TRISC6                        (abs)        043E
_TRMT                          (abs)        04C1
_TXEN                          (abs)        04C5
_TXREG                         (abs)        0019
_UART_Buffer                   text9        04BB
_UART_TX_Init                  text1        05B1
_UART_Write                    text10       046F
_UART_number                   text4        04F7
__Habs1                        abs1         0000
__Hbank0                       bank0        0000
__Hbank1                       bank1        0000
__Hbank2                       bank2        0000
__Hbank3                       bank3        0000
__HbssBANK0                    bssBANK0     0000
__Hcinit                       cinit        0800
__Hclrtext                     clrtext      0000
__Hcode                        code         0000
__Hcommon                      common       0000
__Hconfig                      config       2009
__HcstackBANK0                 cstackBANK0  0000
__HcstackCOMMON                cstackCOMMON 0000
__HdataBANK0                   dataBANK0    0000
__HdataBANK1                   dataBANK1    0000
__Heeprom_data                 eeprom_data  0000
__Hend_init                    end_init     0004
__Hfunctab                     functab      0000
__HidataBANK0                  idataBANK0   0000
__HidataBANK1                  idataBANK1   0000
__Hinit                        init         0001
__Hinittext                    inittext     0000
__Hintentry                    intentry     0001
__Hmaintext                    maintext     0000
__Hpowerup                     powerup      0000
__Hram                         ram          0000
__Hreset_vec                   reset_vec    0001
__Hsfr0                        sfr0         0000
__Hsfr1                        sfr1         0000
__Hsfr2                        sfr2         0000
__Hsfr3                        sfr3         0000
__Hspace_0                     (abs)        0800
__Hspace_1                     (abs)        00B4
__Hspace_2                     (abs)        0000
__Hspace_3                     (abs)        0000
__Hspace_4                     (abs)        4010
__Hstack                       stack        0000
__Hstrings                     strings      0000
__Htext                        text         0000
__Labs1                        abs1         0000
__Lbank0                       bank0        0000
__Lbank1                       bank1        0000
__Lbank2                       bank2        0000
__Lbank3                       bank3        0000
__LbssBANK0                    bssBANK0     0000
__Lcinit                       cinit        07D9
__Lclrtext                     clrtext      0000
__Lcode                        code         0000
__Lcommon                      common       0000
__Lconfig                      config       0000
__LcstackBANK0                 cstackBANK0  0000
__LcstackCOMMON                cstackCOMMON 0000
__LdataBANK0                   dataBANK0    0000
__LdataBANK1                   dataBANK1    0000
__Leeprom_data                 eeprom_data  0000
__Lend_init                    end_init     0001
__Lfunctab                     functab      0000
__LidataBANK0                  idataBANK0   0000
__LidataBANK1                  idataBANK1   0000
__Linit                        init         0001
__Linittext                    inittext     0000
__Lintentry                    intentry     0001
__Lmaintext                    maintext     0000
__Lpowerup                     powerup      0000
__Lram                         ram          0000
__Lreset_vec                   reset_vec    0000
__Lsfr0                        sfr0         0000
__Lsfr1                        sfr1         0000
__Lsfr2                        sfr2         0000
__Lsfr3                        sfr3         0000
__Lspace_0                     (abs)        0000
__Lspace_1                     (abs)        0000
__Lspace_2                     (abs)        0000
__Lspace_3                     (abs)        0000
__Lspace_4                     (abs)        0000
__Lstack                       stack        0000
__Lstrings                     strings      0000
__Ltext                        text         0000
__S0                           (abs)        0800
__S1                           (abs)        00B4
__S2                           (abs)        0000
__S3                           (abs)        0000
___int_sp                      stack        0000
___latbits                     (abs)        0002
___lldiv                       text2        0689
___lldiv@counter               cstackBANK0  0024
___lldiv@dividend              cstackCOMMON 0075
___lldiv@divisor               cstackCOMMON 0071
___lldiv@quotient              cstackBANK0  0020
___lwdiv                       text8        05EE
___lwdiv@counter               cstackCOMMON 0078
___lwdiv@dividend              cstackCOMMON 0073
___lwdiv@divisor               cstackCOMMON 0071
___lwdiv@quotient              cstackCOMMON 0076
___lwmod                       text7        0575
___lwmod@counter               cstackBANK0  0020
___lwmod@dividend              cstackCOMMON 007B
___lwmod@divisor               cstackCOMMON 0079
___sp                          stack        0000
___stackhi                     (abs)        0000
___stacklo                     (abs)        0000
__end_of_ADC_burst             text11       0575
__end_of_ADC_init_channel      text12       04F7
__end_of_ADC_print_burst       text3        0544
__end_of_UART_Buffer           text9        04D6
__end_of_UART_TX_Init          text1        05EE
__end_of_UART_Write            text10       047B
__end_of_UART_number           text4        051A
__end_of___lldiv               text2        06F1
__end_of___lwdiv               text8        0632
__end_of___lwmod               text7        05B1
__end_of__initialization       cinit        07FC
__end_of__stringtab            strings      000A
__end_of_dpowers               strings      0014
__end_of_main                  maintext     0689
__end_of_sprintf               text6        07D9
__end_of_strlen                text5        04BB
__initialization               cinit        07D9
__pbssBANK0                    bssBANK0     0043
__pcstackBANK0                 cstackBANK0  0020
__pcstackCOMMON                cstackCOMMON 0071
__pdataBANK0                   dataBANK0    0055
__pdataBANK1                   dataBANK1    00A0
__pidataBANK0                  idataBANK0   0467
__pidataBANK1                  idataBANK1   048E
__pmaintext                    maintext     0632
__pstrings                     strings      0004
__ptext1                       text1        05B1
__ptext10                      text10       046F
__ptext11                      text11       0544
__ptext12                      text12       04D6
__ptext2                       text2        0689
__ptext3                       text3        051A
__ptext4                       text4        04F7
__ptext5                       text5        04A2
__ptext6                       text6        06F1
__ptext7                       text7        0575
__ptext8                       text8        05EE
__ptext9                       text9        04BB
__size_of_ADC_burst            (abs)        0000
__size_of_ADC_init_channel     (abs)        0000
__size_of_ADC_print_burst      (abs)        0000
__size_of_UART_Buffer          (abs)        0000
__size_of_UART_TX_Init         (abs)        0000
__size_of_UART_Write           (abs)        0000
__size_of_UART_number          (abs)        0000
__size_of___lldiv              (abs)        0000
__size_of___lwdiv              (abs)        0000
__size_of___lwmod              (abs)        0000
__size_of_main                 (abs)        0000
__size_of_sprintf              (abs)        0000
__size_of_strlen               (abs)        0000
__stringbase                   strings      0009
__stringtab                    strings      0004
_dpowers                       strings      000A
_main                          maintext     0632
_mensaje                       dataBANK1    00A0
_sprintf                       text6        06F1
_strlen                        text5        04A2
btemp                          (abs)        007E
clear_ram0                     clrtext      045F
end_of_initialization          cinit        07FC
init_fetch0                    inittext     047B
init_ram0                      inittext     047F
intlevel0                      functab      0000
intlevel1                      functab      0000
intlevel2                      functab      0000
intlevel3                      functab      0000
intlevel4                      functab      0000
intlevel5                      functab      0000
reset_vec                      reset_vec    0000
sprintf@ap                     cstackBANK0  0027
sprintf@c                      cstackBANK0  002D
sprintf@f                      cstackBANK0  0021
sprintf@flag                   cstackBANK0  0028
sprintf@prec                   cstackBANK0  0029
sprintf@sp                     cstackBANK0  002C
sprintf@val                    cstackBANK0  002A
start                          init         0001
start_initialization           cinit        07D9
strlen@cp                      cstackCOMMON 0074
strlen@s                       cstackCOMMON 0075
wtemp0                         (abs)        007E


MODULE INFORMATION

Module		Function		Class		Link	Load	Size
UART.c
		_UART_Buffer   		CODE           	04BB	0000	27
		_UART_number   		CODE           	04F7	0000	35
		_UART_Write    		CODE           	046F	0000	12
		_UART_TX_Init  		CODE           	05B1	0000	61

UART.c estimated size: 135

2_ADC_Test_Burst.c
		_main          		CODE           	0632	0000	87

2_ADC_Test_Burst.c estimated size: 87

C:\Program Files\Microchip\xc8\v2.32\pic\sources\c90\common\strlen.c
		_strlen        		CODE           	04A2	0000	25

C:\Program Files\Microchip\xc8\v2.32\pic\sources\c90\common\strlen.c estimated size: 25

C:\Program Files\Microchip\xc8\v2.32\pic\sources\c90\common\lwmod.c
		___lwmod       		CODE           	0575	0000	60

C:\Program Files\Microchip\xc8\v2.32\pic\sources\c90\common\lwmod.c estimated size: 60

shared
		__stringtab    		STRING         	0004	0000	6
		_dpowers       		STRING         	000A	0000	10
		__initialization		CODE           	07D9	0000	35

shared estimated size: 51

ADC.c
		_ADC_init_channel		CODE           	04D6	0000	33
		_ADC_print_burst		CODE           	051A	0000	42
		_ADC_burst     		CODE           	0544	0000	49

ADC.c estimated size: 124

C:\Program Files\Microchip\xc8\v2.32\pic\sources\c90\common\doprnt.c
		_sprintf       		CODE           	06F1	0000	232

C:\Program Files\Microchip\xc8\v2.32\pic\sources\c90\common\doprnt.c estimated size: 232

C:\Program Files\Microchip\xc8\v2.32\pic\sources\c90\common\lwdiv.c
		___lwdiv       		CODE           	05EE	0000	68

C:\Program Files\Microchip\xc8\v2.32\pic\sources\c90\common\lwdiv.c estimated size: 68

C:\Program Files\Microchip\xc8\v2.32\pic\sources\c90\common\__lldiv.c
		___lldiv       		CODE           	0689	0000	104

C:\Program Files\Microchip\xc8\v2.32\pic\sources\c90\common\__lldiv.c estimated size: 104

