Microchip MPLAB XC8 Compiler V2.32

Linker command line:

-W-3 --edf=C:\Program Files\Microchip\xc8\v2.32\pic\dat\en_msgs.txt -cn \
  -h+dist/default/debug\SensorPresion.X.debug.sym \
  --cmf=dist/default/debug\SensorPresion.X.debug.cmf -z -Q16F886 \
  -oC:\Users\staro\AppData\Local\Temp\xcAs12c.4 --defsym=__MPLAB_BUILD=1 \
  -Mdist/default/debug/SensorPresion.X.debug.map -E1 -ver=XC8 Compiler \
  --acfsm=1493 -ASTACK=0110h-016Fh -pstack=STACK \
  -ACODE=00h-07FFhx3,01800h-01EFFh,01FFFh-01FFFh \
  -ASTRCODE=00h-01EFFh,01FFFh-01FFFh -ASTRING=00h-0FFhx31,01FFFh-01FFFh \
  -ACONST=00h-0FFhx31,01FFFh-01FFFh -AENTRY=00h-0FFhx31,01FFFh-01FFFh \
  -ACOMMON=071h-07Fh -ABANK0=020h-06Fh -ABANK1=0A0h-0EFh \
  -ABANK2=0110h-016Fh -ABANK3=0190h-01E4h \
  -ARAM=020h-06Fh,0A0h-0EFh,0110h-016Fh,0190h-01E4h \
  -AABS1=020h-07Fh,0A0h-0EFh,0110h-016Fh,0190h-01EFh -ASFR0=00h-01Fh \
  -ASFR1=080h-09Fh -ASFR2=0100h-010Fh -ASFR3=0180h-018Fh \
  -ACONFIG=02007h-02008h -DCONFIG=2 -AIDLOC=02000h-02003h -DIDLOC=2 \
  -AEEDATA=00h-0FFh/02100h -peeprom_data=EEDATA -DEEDATA=2 -DCODE=2 \
  -DSTRCODE=2 -DSTRING=2 -DCONST=2 -DENTRY=2 \
  -preset_vec=00h,intentry,init,end_init -ppowerup=CODE -pcinit=CODE \
  -pfunctab=ENTRY -k C:\Users\staro\AppData\Local\Temp\xcAs12c.o \
  dist/default/debug\SensorPresion.X.debug.o 

Object code version is 3.11

Machine type is 16F886



                Name                               Link     Load   Length Selector   Space Scale
C:\Users\staro\AppData\Local\Temp\xcAs12c.o
                end_init                              1        1        3        0       0
                reset_vec                             0        0        1        0       0
                config                             2007     2007        2        0       4
dist/default/debug\SensorPresion.X.debug.o
                cinit                               7E8      7E8       18      FD0       0
                config                             2007     2007        2        0       4
                text4                               780      780       68      F00       0
                text3                               727      727       59      E4E       0
                text2                               6A4      6A4        C      D48       0
                text1                               6C3      6C3       19      D86       0
                maintext                            6DC      6DC       4B      DB8       0
                cstackBANK0                          20       20        F       20       1
                cstackCOMMON                         71       71        D       71       1
                inittext                            6B0      6B0       13      D60       0
                dataBANK0                            2F       2F        7       20       1
                bssBANK0                             36       36        6       20       1
                strings                               4        4        A        8       0
                idataBANK0                          69D      69D        7      D3A       0

TOTAL           Name                               Link     Load   Length     Space
        CLASS   STACK          

        CLASS   CODE           
                end_init                              1        1        3         0
                cinit                               7E8      7E8       18         0
                reset_vec                             0        0        1         0
                text4                               780      780       68         0
                text3                               727      727       59         0
                text2                               6A4      6A4        C         0
                text1                               6C3      6C3       19         0
                maintext                            6DC      6DC       4B         0
                inittext                            6B0      6B0       13         0
                idataBANK0                          69D      69D        7         0

        CLASS   STRCODE        

        CLASS   STRING         
                strings                               4        4        A         0

        CLASS   CONST          

        CLASS   ENTRY          

        CLASS   COMMON         
                cstackCOMMON                         71       71        D         1

        CLASS   BANK0          
                cstackBANK0                          20       20        F         1
                dataBANK0                            2F       2F        7         1
                bssBANK0                             36       36        6         1

        CLASS   BANK1          

        CLASS   BANK2          

        CLASS   BANK3          

        CLASS   RAM            

        CLASS   ABS1           
                abs_s1                               7E       7E        2         1

        CLASS   SFR0           

        CLASS   SFR1           

        CLASS   SFR2           

        CLASS   SFR3           

        CLASS   CONFIG         
                config                             2007     2007        2         4

        CLASS   IDLOC          

        CLASS   EEDATA         



SEGMENTS        Name                           Load    Length   Top    Selector   Space  Class     Delta

                reset_vec                      000000  000004  000004         0       0  CODE        2
                strings                        000004  00000A  00000E         8       0  STRING      2
                cstackBANK0                    000020  00001C  00003C        20       1  BANK0       1
                cstackCOMMON                   000071  00000D  00007E        71       1  COMMON      1
                idataBANK0                     00069D  000007  0006A4       D3A       0  CODE        2
                text2                          0006A4  00000C  0006B0       D48       0  CODE        2
                inittext                       0006B0  000013  0006C3       D60       0  CODE        2
                text1                          0006C3  000019  0006DC       D86       0  CODE        2
                maintext                       0006DC  00004B  000727       DB8       0  CODE        2
                text3                          000727  000059  000780       E4E       0  CODE        2
                text4                          000780  000068  0007E8       F00       0  CODE        2
                cinit                          0007E8  000018  000800       FD0       0  CODE        2


UNUSED ADDRESS RANGES

        Name                Unused          Largest block    Delta
        BANK0            003C-006F             34           1
        BANK1            00A0-00EF             50           1
        BANK2            0110-016F             60           1
        BANK3            0190-01E4             55           1
        CODE             000E-069C            68F           2
                         0800-1EFF            800
                         1FFF-1FFF              1
        CONST            000E-069C            100           2
                         0800-1EFF            100
                         1FFF-1FFF              1
        EEDATA           2100-21FF            100           2
        ENTRY            000E-069C            100           2
                         0800-1EFF            100
                         1FFF-1FFF              1
        IDLOC            2000-2003              4           2
        RAM              003C-006F             34           1
                         00A0-00EF             50
                         0110-016F             60
                         0190-01E4             55
        SFR0             0000-001F             20           1
        SFR1             0080-009F             20           1
        SFR2             0100-010F             10           1
        SFR3             0180-018F             10           1
        STACK            0110-016F             60           1
        STRCODE          000E-069C            68F           2
                         0800-1EFF           1700
                         1FFF-1FFF              1
        STRING           000E-069C            100           2
                         0800-1EFF            100
                         1FFF-1FFF              1

                                  Symbol Table

?___lldiv                cstackCOMMON 0071
?_strlen                 cstackCOMMON 0071
UART_TX_Init@baud        cstackBANK0  0025
UART_TX_Init@temp        cstackBANK0  0029
UART_Write@data          cstackCOMMON 0071
_ADCON0                  (abs)        001F
_ADCON0bits              (abs)        001F
_ADCON1                  (abs)        009F
_ADIE                    (abs)        0466
_ADIF                    (abs)        0066
_ADRESH                  (abs)        001E
_ADRESL                  (abs)        009E
_BRG16                   (abs)        0C3B
_BRGH                    (abs)        04C2
_GIE                     (abs)        005F
_GO_DONE                 (abs)        00F9
_PEIE                    (abs)        005E
_RC2                     (abs)        003A
_SPBRG                   (abs)        0099
_SPBRGH                  (abs)        009A
_SPEN                    (abs)        00C7
_SYNC                    (abs)        04C4
_T1CKPS0                 (abs)        0084
_T1CKPS1                 (abs)        0085
_TMR1                    (abs)        000E
_TMR1CS                  (abs)        0081
_TMR1IE                  (abs)        0460
_TMR1IF                  (abs)        0060
_TMR1ON                  (abs)        0080
_TRISC6                  (abs)        043E
_TRMT                    (abs)        04C1
_TXEN                    (abs)        04C5
_TXREG                   (abs)        0019
_UART_TX_Init            text3        0727
_UART_Write              text2        06A4
__Habs1                  abs1         0000
__Hbank0                 bank0        0000
__Hbank1                 bank1        0000
__Hbank2                 bank2        0000
__Hbank3                 bank3        0000
__HbssBANK0              bssBANK0     0000
__Hcinit                 cinit        0800
__Hclrtext               clrtext      0000
__Hcode                  code         0000
__Hcommon                common       0000
__Hconfig                config       2009
__HcstackBANK0           cstackBANK0  0000
__HcstackCOMMON          cstackCOMMON 0000
__HdataBANK0             dataBANK0    0000
__Heeprom_data           eeprom_data  0000
__Hend_init              end_init     0004
__Hfunctab               functab      0000
__HidataBANK0            idataBANK0   0000
__Hinit                  init         0001
__Hinittext              inittext     0000
__Hintentry              intentry     0001
__Hmaintext              maintext     0000
__Hpowerup               powerup      0000
__Hram                   ram          0000
__Hreset_vec             reset_vec    0001
__Hsfr0                  sfr0         0000
__Hsfr1                  sfr1         0000
__Hsfr2                  sfr2         0000
__Hsfr3                  sfr3         0000
__Hspace_0               (abs)        0800
__Hspace_1               (abs)        007E
__Hspace_2               (abs)        0000
__Hspace_3               (abs)        0000
__Hspace_4               (abs)        4010
__Hstack                 stack        0000
__Hstrings               strings      0000
__Htext                  text         0000
__Labs1                  abs1         0000
__Lbank0                 bank0        0000
__Lbank1                 bank1        0000
__Lbank2                 bank2        0000
__Lbank3                 bank3        0000
__LbssBANK0              bssBANK0     0000
__Lcinit                 cinit        07E8
__Lclrtext               clrtext      0000
__Lcode                  code         0000
__Lcommon                common       0000
__Lconfig                config       0000
__LcstackBANK0           cstackBANK0  0000
__LcstackCOMMON          cstackCOMMON 0000
__LdataBANK0             dataBANK0    0000
__Leeprom_data           eeprom_data  0000
__Lend_init              end_init     0001
__Lfunctab               functab      0000
__LidataBANK0            idataBANK0   0000
__Linit                  init         0001
__Linittext              inittext     0000
__Lintentry              intentry     0001
__Lmaintext              maintext     0000
__Lpowerup               powerup      0000
__Lram                   ram          0000
__Lreset_vec             reset_vec    0000
__Lsfr0                  sfr0         0000
__Lsfr1                  sfr1         0000
__Lsfr2                  sfr2         0000
__Lsfr3                  sfr3         0000
__Lspace_0               (abs)        0000
__Lspace_1               (abs)        0000
__Lspace_2               (abs)        0000
__Lspace_3               (abs)        0000
__Lspace_4               (abs)        0000
__Lstack                 stack        0000
__Lstrings               strings      0000
__Ltext                  text         0000
__S0                     (abs)        0800
__S1                     (abs)        007E
__S2                     (abs)        0000
__S3                     (abs)        0000
___int_sp                stack        0000
___latbits               (abs)        0002
___lldiv                 text4        0780
___lldiv@counter         cstackBANK0  0024
___lldiv@dividend        cstackCOMMON 0075
___lldiv@divisor         cstackCOMMON 0071
___lldiv@quotient        cstackBANK0  0020
___sp                    stack        0000
___stackhi               (abs)        0000
___stacklo               (abs)        0000
__end_of_UART_TX_Init    text3        0780
__end_of_UART_Write      text2        06B0
__end_of___lldiv         text4        07E8
__end_of__initialization cinit        07FC
__end_of__stringtab      strings      000A
__end_of_main            maintext     0727
__end_of_strlen          text1        06DC
__initialization         cinit        07E8
__pbssBANK0              bssBANK0     0036
__pcstackBANK0           cstackBANK0  0020
__pcstackCOMMON          cstackCOMMON 0071
__pdataBANK0             dataBANK0    002F
__pidataBANK0            idataBANK0   069D
__pmaintext              maintext     06DC
__pstrings               strings      0004
__ptext1                 text1        06C3
__ptext2                 text2        06A4
__ptext3                 text3        0727
__ptext4                 text4        0780
__size_of_UART_TX_Init   (abs)        0000
__size_of_UART_Write     (abs)        0000
__size_of___lldiv        (abs)        0000
__size_of_main           (abs)        0000
__size_of_strlen         (abs)        0000
__stringbase             strings      0009
__stringtab              strings      0004
_main                    maintext     06DC
_mensaje                 dataBANK0    002F
_strlen                  text1        06C3
_timer_overflow_counter  bssBANK0     0036
_timer_overflows         bssBANK0     0038
btemp                    (abs)        007E
end_of_initialization    cinit        07FC
init_fetch0              inittext     06B0
init_ram0                inittext     06B4
intlevel0                functab      0000
intlevel1                functab      0000
intlevel2                functab      0000
intlevel3                functab      0000
intlevel4                functab      0000
intlevel5                functab      0000
main@a                   cstackBANK0  002E
reset_vec                reset_vec    0000
start                    init         0001
start_initialization     cinit        07E8
strlen@cp                cstackCOMMON 0074
strlen@s                 cstackCOMMON 0075
wtemp0                   (abs)        007E


MODULE INFORMATION

Module		Function		Class		Link	Load	Size
1_UART_Test.c
		_main          		CODE           	06DC	0000	75

1_UART_Test.c estimated size: 75

UART.c
		_UART_Write    		CODE           	06A4	0000	12
		_UART_TX_Init  		CODE           	0727	0000	89

UART.c estimated size: 101

C:\Program Files\Microchip\xc8\v2.32\pic\sources\c90\common\strlen.c
		_strlen        		CODE           	06C3	0000	25

C:\Program Files\Microchip\xc8\v2.32\pic\sources\c90\common\strlen.c estimated size: 25

shared
		__stringtab    		STRING         	0004	0000	6
		__initialization		CODE           	07E8	0000	20

shared estimated size: 26

C:\Program Files\Microchip\xc8\v2.32\pic\sources\c90\common\__lldiv.c
		___lldiv       		CODE           	0780	0000	104

C:\Program Files\Microchip\xc8\v2.32\pic\sources\c90\common\__lldiv.c estimated size: 104

